// Jest Snapshot v1, https://goo.gl/fbAQLP

exports[`Home component renders Home 1`] = `
<DocumentFragment>
  <h1>
    Now What...
  </h1>
  <div>
    <div>
      <input
        type="text"
        value=""
      />
    </div>
    <ul />
  </div>
</DocumentFragment>
`;
