// Jest Snapshot v1, https://goo.gl/fbAQLP

exports[`Article component renders Article 1`] = `
<DocumentFragment>
  <figure>
    <h1 />
    <h2 />
    <p />
  </figure>
</DocumentFragment>
`;
